// Jest Snapshot v1, https://goo.gl/fbAQLP

exports[`matches snapshot 1`] = `
<div
  className="card"
>
  <img
    alt="contactAvatar"
    className="profilePic"
    data-testid="card-avatar"
    src="../img/harry.jpeg"
  />
  <div
    className="container"
  >
    <h4
      data-testid="card-name"
    >
      <b>
        Harry
         
        Potter
      </b>
    </h4>
    <p
      data-testid="card-phone"
    >
      Phone: 
      5163189902
    </p>
    <p
      data-testid="card-email"
    >
      Email: 
      harryp@gmail.com
    </p>
  </div>
</div>
`;
